// Jest Snapshot v1, https://goo.gl/fbAQLP

exports[`Stack Template match snapshot 1`] = `
{
  "Parameters": {
    "BootstrapVersion": {
      "Default": "/cdk-bootstrap/hnb659fds/version",
      "Description": "Version of the CDK Bootstrap resources in this environment, automatically retrieved from SSM Parameter Store. [cdk:skip]",
      "Type": "AWS::SSM::Parameter::Value<String>",
    },
  },
  "Resources": {
    "keyAliasCEB16DF2": {
      "Properties": {
        "AliasName": "alias/compute/key",
        "TargetKeyId": {
          "Fn::GetAtt": [
            "keyFEDD6EC0",
            "Arn",
          ],
        },
      },
      "Type": "AWS::KMS::Alias",
    },
    "keyFEDD6EC0": {
      "DeletionPolicy": "Retain",
      "Properties": {
        "EnableKeyRotation": true,
        "KeyPolicy": {
          "Statement": [
            {
              "Action": "kms:*",
              "Effect": "Allow",
              "Principal": {
                "AWS": {
                  "Fn::Join": [
                    "",
                    [
                      "arn:",
                      {
                        "Ref": "AWS::Partition",
                      },
                      ":iam::",
                      {
                        "Ref": "AWS::AccountId",
                      },
                      ":root",
                    ],
                  ],
                },
              },
              "Resource": "*",
            },
            {
              "Action": [
                "kms:Decrypt",
                "kms:GenerateDataKey",
              ],
              "Effect": "Allow",
              "Principal": {
                "Service": "sns.amazonaws.com",
              },
              "Resource": "*",
            },
            {
              "Action": [
                "kms:Decrypt",
                "kms:GenerateDataKey",
              ],
              "Effect": "Allow",
              "Principal": {
                "AWS": {
                  "Fn::GetAtt": [
                    "publishServiceRoleD6DF777D",
                    "Arn",
                  ],
                },
                "Service": "sns.amazonaws.com",
              },
              "Resource": "*",
              "Sid": "allow-sns",
            },
          ],
          "Version": "2012-10-17",
        },
      },
      "Type": "AWS::KMS::Key",
      "UpdateReplacePolicy": "Retain",
    },
    "publish98FFDE07": {
      "DependsOn": [
        "publishServiceRoleDefaultPolicy1754110B",
        "publishServiceRoleD6DF777D",
      ],
      "Properties": {
        "Code": {
          "S3Bucket": {
            "Fn::Sub": "cdk-hnb659fds-assets-\${AWS::AccountId}-\${AWS::Region}",
          },
          "S3Key": "1cda00555f4d343822e292e6f49c4910db8a409e4fdb0bf7c460d72029bb2c28.zip",
        },
        "Environment": {
          "Variables": {
            "TOPIC_ARN": {
              "Ref": "topic69831491",
            },
          },
        },
        "Handler": "index.handler",
        "Role": {
          "Fn::GetAtt": [
            "publishServiceRoleD6DF777D",
            "Arn",
          ],
        },
        "Runtime": "nodejs20.x",
        "RuntimeManagementConfig": {
          "UpdateRuntimeOn": "Auto",
        },
      },
      "Type": "AWS::Lambda::Function",
    },
    "publishServiceRoleD6DF777D": {
      "Properties": {
        "AssumeRolePolicyDocument": {
          "Statement": [
            {
              "Action": "sts:AssumeRole",
              "Effect": "Allow",
              "Principal": {
                "Service": "lambda.amazonaws.com",
              },
            },
          ],
          "Version": "2012-10-17",
        },
        "ManagedPolicyArns": [
          {
            "Fn::Join": [
              "",
              [
                "arn:",
                {
                  "Ref": "AWS::Partition",
                },
                ":iam::aws:policy/service-role/AWSLambdaBasicExecutionRole",
              ],
            ],
          },
        ],
      },
      "Type": "AWS::IAM::Role",
    },
    "publishServiceRoleDefaultPolicy1754110B": {
      "Properties": {
        "PolicyDocument": {
          "Statement": [
            {
              "Action": "sns:Publish",
              "Effect": "Allow",
              "Resource": {
                "Ref": "topic69831491",
              },
            },
          ],
          "Version": "2012-10-17",
        },
        "PolicyName": "publishServiceRoleDefaultPolicy1754110B",
        "Roles": [
          {
            "Ref": "publishServiceRoleD6DF777D",
          },
        ],
      },
      "Type": "AWS::IAM::Policy",
    },
    "queue276F7297": {
      "DeletionPolicy": "Delete",
      "Properties": {
        "KmsDataKeyReusePeriodSeconds": 300,
        "KmsMasterKeyId": {
          "Fn::GetAtt": [
            "keyFEDD6EC0",
            "Arn",
          ],
        },
        "VisibilityTimeout": 300,
      },
      "Type": "AWS::SQS::Queue",
      "UpdateReplacePolicy": "Delete",
    },
    "queuePolicy89DB7105": {
      "Properties": {
        "PolicyDocument": {
          "Statement": [
            {
              "Action": "sqs:*",
              "Condition": {
                "Bool": {
                  "aws:SecureTransport": "false",
                },
              },
              "Effect": "Deny",
              "Principal": {
                "AWS": "*",
              },
              "Resource": {
                "Fn::GetAtt": [
                  "queue276F7297",
                  "Arn",
                ],
              },
            },
            {
              "Action": "sqs:SendMessage",
              "Condition": {
                "ArnEquals": {
                  "aws:SourceArn": {
                    "Ref": "topic69831491",
                  },
                },
              },
              "Effect": "Allow",
              "Principal": {
                "Service": "sns.amazonaws.com",
              },
              "Resource": {
                "Fn::GetAtt": [
                  "queue276F7297",
                  "Arn",
                ],
              },
            },
          ],
          "Version": "2012-10-17",
        },
        "Queues": [
          {
            "Ref": "queue276F7297",
          },
        ],
      },
      "Type": "AWS::SQS::QueuePolicy",
    },
    "queuecomputetopic73AC0DBD00649C29": {
      "DependsOn": [
        "queuePolicy89DB7105",
      ],
      "Properties": {
        "Endpoint": {
          "Fn::GetAtt": [
            "queue276F7297",
            "Arn",
          ],
        },
        "Protocol": "sqs",
        "RawMessageDelivery": true,
        "TopicArn": {
          "Ref": "topic69831491",
        },
      },
      "Type": "AWS::SNS::Subscription",
    },
    "topic69831491": {
      "Properties": {
        "KmsMasterKeyId": {
          "Fn::GetAtt": [
            "keyFEDD6EC0",
            "Arn",
          ],
        },
      },
      "Type": "AWS::SNS::Topic",
    },
  },
  "Rules": {
    "CheckBootstrapVersion": {
      "Assertions": [
        {
          "Assert": {
            "Fn::Not": [
              {
                "Fn::Contains": [
                  [
                    "1",
                    "2",
                    "3",
                    "4",
                    "5",
                  ],
                  {
                    "Ref": "BootstrapVersion",
                  },
                ],
              },
            ],
          },
          "AssertDescription": "CDK bootstrap stack version 6 required. Please run 'cdk bootstrap' with a recent version of the CDK CLI.",
        },
      ],
    },
  },
}
`;
